root@eltex-practice2-v16:~# git config --global user.name "Jktym"
root@eltex-practice2-v16:~# git config --global user.email "yorkdan@bk.ru"
root@eltex-practice2-v16:~# git config --global init.defaultBranch main
root@eltex-practice2-v16:~# apt update
Hit:1 http://ru.archive.ubuntu.com/ubuntu noble InRelease
Hit:2 http://ru.archive.ubuntu.com/ubuntu noble-updates InRelease
Hit:3 http://ru.archive.ubuntu.com/ubuntu noble-backports InRelease
Get:4 http://security.ubuntu.com/ubuntu noble-security InRelease [126 kB]
Get:5 http://security.ubuntu.com/ubuntu noble-security/main amd64 Packages [836 kB]
Get:6 http://security.ubuntu.com/ubuntu noble-security/main Translation-en [189 kB]
Get:7 http://security.ubuntu.com/ubuntu noble-security/universe amd64 Packages [1176 kB]
Fetched 2327 kB in 3s (705 kB/s)                               
Reading package lists... Done
Building dependency tree... Done
Reading state information... Done
89 packages can be upgraded. Run 'apt list --upgradable' to see them.
root@eltex-practice2-v16:~# apt install git gh
Reading package lists... Done
Building dependency tree... Done
Reading state information... Done
git is already the newest version (1:2.43.0-1ubuntu7.3).
git set to manually installed.
The following NEW packages will be installed:
  gh
0 upgraded, 1 newly installed, 0 to remove and 89 not upgraded.
Need to get 8836 kB of archives.
After this operation, 45.4 MB of additional disk space will be used.
Do you want to continue? [Y/n] y
Get:1 http://ru.archive.ubuntu.com/ubuntu noble-updates/universe amd64 gh amd64 2.45.0-1ubuntu0.3 [8836 kB]
Fetched 8836 kB in 1s (7294 kB/s)

root@eltex-practice2-v16:~# ssh-keygen -t ed25519 -f ~/.ssh/eltex_v16
Generating public/private ed25519 key pair.
Enter passphrase (empty for no passphrase):
Enter same passphrase again:
Your identification has been saved in /root/.ssh/eltex_v16
Your public key has been saved in /root/.ssh/eltex_v16.pub
The key fingerprint is:
SHA256:UfXmGCOC3baVtx8/rZ3shfQyD7rHs6kDYG8kZUaW900 root@eltex-practice2-v16
The key's randomart image is:
+--[ED25519 256]--+
|         .+o.    |
|       o += .o  E|
|      . +++.=.+o |
|        ++.+ B...|
|       .S=. . +. |
|          +  . ++|
|         . . .=.*|
|            ..=O+|
|            +==*o|
+----[SHA256]-----+

root@eltex-practice2-v16:~# gh auth login
? What account do you want to log into? GitHub.com
? What is your preferred protocol for Git operations on this host? SSH
? Upload your SSH public key to your GitHub account? /root/.ssh/eltex_v16.pub
? Title for your SSH key: eltex-practice2-pgX-vY
? How would you like to authenticate GitHub CLI? Login with a web browser

! First copy your one-time code: CEA1-FDF9
Press Enter to open github.com in your browser...
! Failed opening a web browser at https://github.com/login/device
  exec: "xdg-open,x-www-browser,www-browser,wslview": executable file not found in $PATH
  Please try entering the URL in your browser manually
✓ Authentication complete.
- gh config set -h github.com git_protocol ssh
✓ Configured git protocol
! Authentication credentials saved in plain text
✓ Uploaded the SSH key to your GitHub account: /root/.ssh/eltex_v16.pub
✓ Logged in as Jktym

root@eltex-practice2-v16:~# gh auth setup-git --hostname github.com
root@eltex-practice2-v16:~# gh auth status
github.com
  ✓ Logged in to github.com account Jktym (/root/.config/gh/hosts.yml)
  - Active account: true
  - Git operations protocol: ssh
  - Token: gho_************************************
  - Token scopes: 'admin:public_key', 'gist', 'read:org', 'repo'

root@eltex-practice2-v16:~# gh repo create --public eltex_summer_school
✓ Created repository Jktym/eltex_summer_school on GitHub
  https://github.com/Jktym/eltex_summer_school

root@eltex-practice2-v16:~# mkdir ~/eltex_summer_school && cd ~/eltex_summer_school
root@eltex-practice2-v16:~/eltex_summer_school# echo "#Репозиторий для сдачи практических заданий в летней школе eltex"  >> README.md
root@eltex-practice2-v16:~/eltex_summer_school# git init
Initialized empty Git repository in /root/eltex_summer_school/.git/
root@eltex-practice2-v16:~/eltex_summer_school# git add README.md
root@eltex-practice2-v16:~/eltex_summer_school# git commit -m "first commit"
[main (root-commit) 2c66c46] first commit
 1 file changed, 1 insertion(+)
 create mode 100644 README.md
root@eltex-practice2-v16:~/eltex_summer_school# git branch -M main
root@eltex-practice2-v16:~/eltex_summer_school# git remote add origin https://github.com/Jktym/eltex_summer_school.git
root@eltex-practice2-v16:~/eltex_summer_school# git status
On branch main
nothing to commit, working tree clean
root@eltex-practice2-v16:~/eltex_summer_school# git push -u origin main
Enumerating objects: 3, done.
Counting objects: 100% (3/3), done.
Delta compression using up to 2 threads
Compressing objects: 100% (2/2), done.
Writing objects: 100% (3/3), 297 bytes | 297.00 KiB/s, done.
Total 3 (delta 0), reused 0 (delta 0), pack-reused 0
To https://github.com/Jktym/eltex_summer_school.git
 * [new branch]      main -> main
branch 'main' set up to track 'origin/main'.
root@eltex-practice2-v16:~/eltex_summer_school# mkdir -p module1/task1
root@eltex-practice2-v16:~/eltex_summer_school# mkdir module1/task2
root@eltex-practice2-v16:~/eltex_summer_school# mkdir module1/task3

eltex-v16@eltex-2026-summer-01-01$scp eltex-v16_part* root@172.16.9.190:/root/eltex_summer_school/module1/task1
eltex-v16_part2.log                                                                                       100% 2595     6.8MB/s   00:00    
eltex-v16_part3_gt20M.log                                                                                 100% 3152    10.9MB/s   00:00    
eltex-v16_part3.log                                                                                       100% 6538    21.3MB/s   00:00 

eltex-v16@eltex-2026-summer-01-01$scp practice2_eltex-v16_part* root@172.16.9.190:/root/eltex_summer_school/module1/task2
practice2_eltex-v16_part1.log                                                                             100%   12KB  22.8MB/s   00:00    
practice2_eltex-v16_part2.log                                                                             100% 4991    16.6MB/s   00:00    
practice2_eltex-v16_part3.log                                                                             100% 5365    17.9MB/s   00:00  


root@eltex-practice2-v16:~/eltex_summer_school/module1# git add task1 task2
root@eltex-practice2-v16:~/eltex_summer_school/module1# git status
On branch main
Your branch is up to date with 'origin/main'.

Changes to be committed:
  (use "git restore --staged <file>..." to unstage)
        new file:   task1/eltex-v16_part2.log
        new file:   task1/eltex-v16_part3.log
        new file:   task1/eltex-v16_part3_gt20M.log
        new file:   task2/practice2_eltex-v16_part1.log
        new file:   task2/practice2_eltex-v16_part2.log
        new file:   task2/practice2_eltex-v16_part3.log

root@eltex-practice2-v16:~/eltex_summer_school/module1# git commit -m 'task1, task2 done'
[main 7ba7eb6] task1, task2 done
 6 files changed, 765 insertions(+)
 create mode 100644 module1/task1/eltex-v16_part2.log
 create mode 100644 module1/task1/eltex-v16_part3.log
 create mode 100644 module1/task1/eltex-v16_part3_gt20M.log
 create mode 100644 module1/task2/practice2_eltex-v16_part1.log
 create mode 100644 module1/task2/practice2_eltex-v16_part2.log
 create mode 100644 module1/task2/practice2_eltex-v16_part3.log
root@eltex-practice2-v16:~/eltex_summer_school/module1# git push origin main
Enumerating objects: 12, done.
Counting objects: 100% (12/12), done.
Delta compression using up to 2 threads
Compressing objects: 100% (11/11), done.
Writing objects: 100% (11/11), 10.66 KiB | 10.66 MiB/s, done.
Total 11 (delta 0), reused 0 (delta 0), pack-reused 0
To https://github.com/Jktym/eltex_summer_school.git
   2c66c46..7ba7eb6  main -> main

root@eltex-practice2-v16:~# mkdir ~/eltex_summer_school_clone && cd ~/eltex_summer_school_clone
root@eltex-practice2-v16:~/eltex_summer_school_clone# git clone  https://github.com/Jktym/eltex_summer_school.git
Cloning into 'eltex_summer_school'...
remote: Enumerating objects: 14, done.
remote: Counting objects: 100% (14/14), done.
remote: Compressing objects: 100% (13/13), done.
remote: Total 14 (delta 0), reused 14 (delta 0), pack-reused 0 (from 0)
Receiving objects: 100% (14/14), 10.91 KiB | 10.91 MiB/s, done.

root@eltex-practice2-v16:~/eltex_summer_school_clone# cd ~/eltex_summer_school/module1/
root@eltex-practice2-v16:~/eltex_summer_school/module1# touch test.txt
root@eltex-practice2-v16:~/eltex_summer_school/module1# git add test.txt
root@eltex-practice2-v16:~/eltex_summer_school/module1# git commit -m 'add file for test'
[main cf34f28] add file for test
 1 file changed, 0 insertions(+), 0 deletions(-)
 create mode 100644 module1/test.txt
root@eltex-practice2-v16:~/eltex_summer_school/module1# git push origin main
Enumerating objects: 6, done.
Counting objects: 100% (6/6), done.
Delta compression using up to 2 threads
Compressing objects: 100% (3/3), done.
Writing objects: 100% (4/4), 376 bytes | 376.00 KiB/s, done.
Total 4 (delta 0), reused 0 (delta 0), pack-reused 0
To https://github.com/Jktym/eltex_summer_school.git
   7ba7eb6..cf34f28  main -> main

root@eltex-practice2-v16:~/eltex_summer_school/module1# cd ~/eltex_summer_school_clone/eltex_summer_school
root@eltex-practice2-v16:~/eltex_summer_school_clone/eltex_summer_school# git fetch
remote: Enumerating objects: 6, done.
remote: Counting objects: 100% (6/6), done.
remote: Compressing objects: 100% (3/3), done.
remote: Total 4 (delta 0), reused 4 (delta 0), pack-reused 0 (from 0)
Unpacking objects: 100% (4/4), 356 bytes | 356.00 KiB/s, done.
From https://github.com/Jktym/eltex_summer_school
   7ba7eb6..cf34f28  main       -> origin/main
root@eltex-practice2-v16:~/eltex_summer_school_clone/eltex_summer_school# git log origin/main
commit cf34f2815777421b94c3a42c7c2e8edb8d94c943 (origin/main, origin/HEAD)
Author: Jktym <yorkdan@bk.ru>
Date:   Wed Jul 15 18:13:24 2026 +0000

    add file for test

commit 7ba7eb6ad196446efb5f56be148d9fb764e9effe (HEAD -> main)
Author: Jktym <yorkdan@bk.ru>
Date:   Wed Jul 15 18:08:59 2026 +0000

    task1, task2 done

commit 2c66c462e461eecfe5f9ab435677ecf0b8f3972d
Author: Jktym <yorkdan@bk.ru>
Date:   Wed Jul 15 16:27:10 2026 +0000

    first commit


t@eltex-practice2-v16:~/eltex_summer_school_clone/eltex_summer_school# git diff main origin/main
diff --git a/module1/test.txt b/module1/test.txt
new file mode 100644
index 0000000..e69de29
root@eltex-practice2-v16:~/eltex_summer_school_clone/eltex_summer_school# git merge
Updating 7ba7eb6..cf34f28
Fast-forward
 module1/test.txt | 0
 1 file changed, 0 insertions(+), 0 deletions(-)
 create mode 100644 module1/test.txt
